Duplicate email addresses and their counts:
EMRACCESS@GOLM.ORG: 22 times
DIWAKAR.GANTA@NTTDATA.COM: 3 times
: 771 times
SUNFLOWERWHC@YAHOO.COM: 3 times
SEC@BOLTONSTPEDIATRICS.COM: 4 times
IT@CALIBRATEDHEALTHCARE.COM: 11 times
LESLIEJOY.MANLANGIT@EXELAONLINE.COM: 3 times
CONIFERCODINGLEADS@MIRAMEDAJUBA.COM: 3 times
RUBYJEWEL10@GMAIL.COM: 5 times
SHANA.FULWOOD@FMC-NA.COM: 3 times
EMUNOZ@SWKIDNEY.COM: 6 times
PBAKER@GREATERBOSTONGI.COM: 2 times
RHEA.MERRIMAN@BANNERHEALTH.COM: 3 times
ALIHGOLI1@HOTMAIL.COM: 2 times
HENDERSONDRG@GMAIL.COM: 2 times
ABASHA@NAVISITE.COM: 2 times
TenetTalent@tenethealth.com: 8 times
LHARMON@DMC.ORG: 2 times
AKEEM.LEWIS@CROTHALL.COM: 2 times
BRANDII.ALLEN@MIRAMEDGS.COM: 4 times
SUSAN.SHERMAN@MWMC.COM: 2 times
CNEWLAND@AGAVESURGICAL.COM: 2 times
EAVALOS2552@GMAIL.COM: 2 times
DGARCIA@AZACP.COM: 2 times
BO.TENET@HPIINC.COM: 5 times
ADMIN@RANSOMMD.COM: 2 times
STACIEENGLAND@IAMMORRISON.COM: 5 times
FSOPHIA74@YAHOO.COM: 2 times
APEKSHA.DOSHI@GEBBS.COM: 7 times
SENTHIL.KUMAR@GEBBS.COM: 10 times
KIM.THOMAS@CODINGSERVICESGROUP.COM: 2 times
EVS1455@GMAIL.COM: 6 times
JAY.SAGAR@HPIINC.COM: 2 times
CKING@AZACP.COM: 3 times
BWILLIAM2@DMC.ORG: 2 times
STEPHANIE.GRAHAM@BHSALA.COM: 2 times
AMEDRANO@AZACP.COM: 2 times
TPFLUGHOEFT@NEWPUEBLOMEDICINE.COM: 3 times
CMGANN@MEDDATSYS.COM: 3 times
ATAGALOG@AZACP.COM: 2 times
NIKKI.QUEEN@MWMC.COM: 3 times
INFO@MYMETROWESTPEDIATRICS.COM: 2 times
MA@WESTHORIZONMED.COM: 2 times
KMOTT@AZACP.COM: 3 times
ERICA.PINEDA@NAVIHEALTH.COM: 2 times
CHAIRGROVE@AZACP.COM: 6 times
ALISON@TUCSONPULM.COM: 3 times
ARUL.JOTHI@OMEGAHMS.COM: 2 times
HECTOR.CASTRO2@CROTHALL.COM: 2 times
MWENTINC@HOTMAIL.COM: 3 times
CGEBO.PRP@AOL.COM: 4 times
CASSANDRA@TUCSONPULM.COM: 2 times
AMBESS@AZACP.COM: 2 times
GENNY@COPPERSTATEOBGYN.COM: 3 times
CLINICAL@TUCSONGASTRO.COM: 3 times
MOHIT.SINGH@GEBBS.COM: 3 times
COLLEENJACOBSON@COMCAST.NET: 4 times
CGARG@NAVISITE.COM: 2 times
LUACUNA80@GMAIL.COM: 2 times
HEATHER@PASATUCSON.COM: 2 times
MARY.DELGADO@KINDRED.COM: 4 times
JAMES.FERNANDES@HPIINC.COM: 2 times
NECGPEG@GMAIL.COM: 2 times
FELIXSANCHEZMD@ATT.NET: 2 times
JANECAMILLE.QUIAMBAO@LEXICODE.COM: 2 times
PMA.SURGERY@GMAIL.COM: 2 times
JMAYFIELD@STATRAD.COM: 2 times
JULIANNA.RUGGIERI@KENNEDYCHC.ORG: 2 times
MPUJIDA@STATRAD.COM: 2 times
JFIELD@Q-CENTRIX.COM: 2 times
MUNIPRATAP.GEDI@OMEGAHMS.COM: 2 times
RMISHRA@NAVISITE.COM: 2 times
SISRIVASTAVA@NAVISITE.COM: 2 times
CODERS@HPIINC.COM: 2 times
TRUDA@DRGOLDSTEIN.NET: 2 times
VMONTOYA@PCHI.PARTNERS.ORG: 2 times
PATRICKJOHN.REYES@EXELAONLINE.COM: 2 times
SUMAN.MAL@CERNER.COM: 2 times
RMARMION@AZACP.COM: 2 times
TPETERS@SOUNDPHYSICIANS.COM: 2 times
Total duplicate email addresses: 80
Rows with empty email addresses:
Line 150
Line 293
Line 325
Line 342
Line 387
Line 485
Line 513
Line 542
Line 609
Line 760
Line 914
Line 916
Line 1042
Line 1094
Line 1196
Line 1245
Line 1260
Line 1329
Line 1381
Line 1499
Line 1580
Line 1854
Line 2069
Line 2349
Line 2661
Line 2797
Line 2883
Line 2978
Line 3041
Line 3250
Line 3259
Line 3262
Line 3296
Line 3440
Line 3557
Line 3605
Line 3666
Line 3764
Line 3914
Line 4009
Line 4253
Line 4314
Line 4543
Line 4554
Line 4609
Line 4808
Line 4871
Line 4922
Line 4962
Line 4977
Line 5054
Line 5074
Line 5084
Line 5133
Line 5341
Line 5453
Line 5558
Line 5580
Line 5581
Line 5636
Line 5650
Line 5699
Line 5771
Line 6010
Line 6059
Line 6101
Line 6166
Line 6222
Line 6233
Line 6234
Line 6316
Line 6410
Line 6450
Line 6480
Line 6503
Line 6856
Line 6952
Line 6993
Line 7118
Line 7197
Line 7198
Line 7348
Line 7470
Line 7711
Line 7889
Line 8073
Line 8486
Line 8727
Line 8942
Line 9050
Line 9093
Line 9128
Line 9182
Line 9700
Line 10019
Line 10060
Line 10163
Line 10164
Line 10292
Line 10301
Line 10845
Line 11148
Line 11342
Line 11456
Line 11534
Line 11684
Line 11712
Line 11874
Line 11883
Line 11909
Line 11943
Line 11970
Line 12025
Line 12054
Line 12171
Line 12215
Line 12306
Line 12598
Line 12678
Line 12774
Line 13100
Line 13173
Line 13281
Line 13315
Line 13341
Line 13431
Line 13525
Line 13612
Line 13675
Line 13827
Line 13841
Line 13967
Line 13977
Line 14143
Line 14303
Line 14548
Line 14606
Line 14608
Line 14839
Line 15034
Line 15079
Line 15207
Line 15372
Line 15444
Line 15496
Line 15557
Line 15663
Line 15719
Line 15740
Line 15864
Line 16241
Line 16246
Line 16249
Line 16252
Line 16542
Line 16600
Line 16707
Line 16790
Line 16880
Line 16881
Line 17155
Line 17309
Line 17361
Line 17484
Line 17515
Line 17760
Line 17958
Line 18048
Line 18074
Line 18090
Line 18133
Line 18197
Line 18247
Line 18288
Line 18333
Line 18374
Line 18767
Line 18795
Line 18821
Line 18865
Line 19089
Line 19249
Line 19252
Line 19886
Line 20027
Line 20074
Line 20331
Line 20734
Line 20779
Line 20850
Line 20859
Line 20916
Line 21111
Line 21204
Line 21620
Line 21667
Line 21705
Line 21850
Line 21915
Line 21922
Line 22176
Line 22231
Line 22396
Line 22426
Line 22498
Line 22522
Line 22539
Line 22650
Line 22677
Line 22713
Line 22716
Line 22748
Line 22774
Line 22877
Line 24077
Line 24856
Line 24927
Line 25099
Line 25199
Line 25400
Line 25830
Line 26102
Line 26512
Line 26514
Line 26559
Line 26578
Line 26615
Line 26670
Line 26683
Line 26688
Line 26742
Line 26797
Line 26831
Line 26843
Line 26867
Line 27052
Line 27093
Line 27108
Line 27387
Line 27534
Line 27538
Line 27558
Line 27564
Line 27909
Line 28086
Line 28172
Line 28213
Line 28245
Line 28312
Line 28330
Line 28515
Line 28651
Line 28727
Line 28733
Line 28754
Line 28755
Line 28813
Line 28903
Line 28984
Line 29352
Line 29403
Line 29726
Line 29769
Line 29994
Line 30082
Line 30230
Line 30310
Line 30344
Line 30481
Line 30804
Line 30960
Line 31147
Line 31148
Line 31224
Line 31327
Line 31342
Line 31420
Line 31597
Line 31609
Line 31649
Line 31733
Line 31854
Line 31897
Line 31980
Line 32302
Line 32481
Line 32590
Line 32741
Line 32783
Line 33071
Line 33162
Line 33197
Line 33223
Line 33240
Line 33515
Line 33614
Line 33669
Line 33724
Line 33809
Line 33810
Line 33865
Line 33874
Line 34139
Line 34272
Line 34293
Line 34330
Line 34521
Line 34602
Line 34606
Line 34682
Line 34784
Line 34786
Line 34787
Line 34878
Line 34898
Line 34918
Line 34948
Line 34986
Line 35132
Line 35179
Line 35207
Line 36338
Line 36380
Line 36435
Line 36448
Line 36528
Line 36531
Line 36562
Line 36590
Line 36610
Line 36715
Line 36735
Line 36740
Line 36975
Line 37022
Line 37131
Line 37240
Line 37262
Line 37266
Line 37410
Line 37435
Line 37481
Line 37492
Line 37519
Line 37670
Line 37812
Line 37821
Line 37916
Line 38074
Line 38158
Line 38174
Line 38210
Line 38360
Line 38372
Line 38377
Line 38437
Line 38604
Line 38726
Line 38820
Line 39027
Line 39096
Line 39133
Line 39138
Line 39593
Line 39874
Line 39921
Line 40011
Line 40056
Line 40081
Line 40096
Line 40097
Line 40199
Line 40389
Line 40438
Line 40468
Line 40533
Line 40774
Line 40849
Line 41023
Line 41107
Line 41284
Line 41409
Line 41515
Line 41531
Line 41565
Line 41593
Line 41595
Line 41639
Line 41870
Line 41939
Line 42014
Line 42094
Line 42134
Line 42194
Line 42307
Line 42308
Line 42371
Line 42398
Line 42449
Line 42475
Line 42484
Line 42515
Line 42624
Line 42654
Line 42683
Line 42752
Line 42807
Line 42819
Line 42852
Line 42931
Line 42944
Line 43030
Line 43146
Line 43397
Line 43495
Line 43525
Line 43674
Line 43700
Line 43772
Line 43773
Line 43788
Line 43840
Line 44094
Line 44178
Line 44206
Line 44461
Line 44855
Line 45674
Line 45802
Line 45882
Line 45957
Line 46028
Line 46091
Line 46151
Line 46167
Line 46180
Line 46300
Line 46485
Line 46503
Line 46564
Line 46596
Line 46816
Line 46862
Line 47165
Line 47249
Line 47293
Line 47383
Line 47391
Line 47494
Line 47622
Line 47630
Line 47661
Line 47838
Line 48011
Line 48108
Line 48365
Line 48463
Line 48556
Line 48620
Line 48723
Line 48801
Line 48831
Line 48870
Line 49022
Line 49039
Line 49103
Line 49146
Line 49178
Line 49196
Line 49244
Line 49273
Line 49317
Line 49321
Line 49388
Line 49532
Line 49548
Line 49870
Line 49932
Line 49951
Line 50001
Line 50219
Line 50390
Line 50515
Line 50518
Line 50579
Line 50621
Line 50622
Line 50733
Line 50816
Line 50972
Line 51142
Line 51149
Line 51154
Line 51229
Line 51231
Line 51296
Line 51425
Line 51451
Line 51945
Line 52106
Line 52166
Line 52214
Line 52270
Line 52353
Line 52368
Line 52388
Line 52597
Line 52651
Line 52656
Line 52754
Line 52822
Line 52906
Line 53141
Line 53410
Line 53460
Line 53568
Line 53579
Line 53685
Line 53738
Line 53760
Line 53831
Line 53858
Line 53859
Line 53862
Line 53877
Line 53931
Line 53983
Line 54061
Line 54140
Line 54151
Line 54434
Line 54437
Line 54682
Line 54777
Line 54811
Line 54948
Line 55102
Line 55168
Line 55312
Line 55348
Line 55383
Line 55414
Line 55444
Line 55484
Line 55536
Line 55679
Line 55926
Line 55992
Line 56111
Line 56165
Line 56200
Line 56277
Line 56439
Line 56564
Line 56671
Line 56683
Line 56733
Line 56816
Line 56909
Line 56969
Line 56988
Line 57075
Line 57150
Line 57183
Line 57213
Line 57330
Line 57401
Line 57571
Line 57735
Line 57892
Line 58149
Line 58394
Line 58436
Line 58625
Line 58645
Line 58699
Line 58834
Line 58966
Line 58994
Line 59241
Line 59267
Line 59293
Line 59506
Line 59636
Line 59802
Line 59895
Line 60541
Line 60709
Line 60745
Line 60843
Line 60860
Line 60958
Line 61053
Line 61072
Line 61242
Line 61266
Line 61514
Line 61696
Line 62010
Line 62034
Line 62105
Line 62247
Line 62329
Line 62438
Line 62692
Line 62783
Line 63056
Line 63425
Line 63465
Line 63494
Line 63536
Line 63627
Line 63681
Line 63751
Line 63807
Line 63831
Line 63838
Line 63877
Line 64070
Line 64072
Line 64145
Line 64202
Line 64273
Line 64345
Line 64350
Line 64486
Line 64605
Line 64649
Line 64728
Line 64920
Line 65059
Line 65137
Line 65201
Line 65284
Line 65436
Line 65484
Line 65504
Line 65529
Line 65603
Line 65619
Line 65625
Line 65688
Line 65704
Line 65838
Line 65879
Line 66063
Line 66074
Line 66129
Line 66147
Line 66169
Line 66281
Line 66428
Line 66764
Line 66819
Line 66860
Line 66929
Line 67048
Line 67140
Line 67228
Line 67385
Line 67486
Line 67741
Line 67804
Line 67817
Line 67879
Line 68060
Line 68185
Line 68264
Line 68606
Line 68653
Line 68663
Line 68665
Line 68726
Line 68744
Line 68773
Line 68785
Line 68842
Line 68954
Line 69144
Line 69186
Line 69344
Line 69494
Line 69636
Line 69688
Line 69748
Line 70266
Line 70505
Line 70590
Line 70599
Line 70723
Line 70751
Line 70820
Line 70868
Line 70891
Line 71005
Line 71131
Line 71176
Line 71190
Line 71211
Line 71497
Line 71525
Line 71535
Line 71614
Line 71626
Line 71909
Line 72014
Line 72017
Line 72021
Line 72261
Line 72536
Line 72569
Line 72634
Line 72647
Line 72677
Line 72726
Line 72740
Line 72808
Line 72843
Line 72869
Line 72873
Line 73038
Line 73070
Line 73093
Line 73611
Line 73686
Line 73699
Line 73855
Line 73892
Line 74166
Line 74276
Line 74284
Line 74299
Line 74301
Line 74479
Line 74550
Line 74560
Line 74568
Line 74595
Line 74598
Line 74926
Line 75017
Line 75173
Line 75245
Line 75258
Line 75274
Line 75373
Line 75405
Line 75501
Line 75548
Line 75629
Line 76047
Line 76061
Line 81270
Line 81977
Line 82128
Line 83226
Line 83490
Line 84375
Line 84510
Line 84661
Line 85444
Line 85464
Line 86349
Line 86592
Line 86929
Line 88282
Line 90454
Line 90793
Line 90996
Line 92071
Line 92172
Total rows with empty email addresses: 771
